{
    "Problem": "Golden_5",
    "Set": "Golden et al.",
    "Capacity": 900,
    "Dimension": 201,
    "Best": 6460.98,
    "Optimal": false,
    "Encoded Bits": 38,
    "Index Bits": 9,
    "X Bits": 11,
    "Y Bits": 11,
    "Demand Bits": 6,
    "Depot Bits": 1,
    "Depot": [
        300,
        300
    ],
    "Nodes": [
        [
            1,
            330,
            300,
            10
        ],
        [
            2,
            329,
            309,
            30
        ],
        [
            3,
            324,
            318,
            30
        ],
        [
            4,
            318,
            324,
            10
        ],
        [
            5,
            309,
            329,
            10
        ],
        [
            6,
            300,
            330,
            30
        ],
        [
            7,
            291,
            329,
            30
        ],
        [
            8,
            282,
            324,
            10
        ],
        [
            9,
            276,
            318,
            10
        ],
        [
            10,
            271,
            309,
            30
        ],
        [
            11,
            270,
            300,
            30
        ],
        [
            12,
            271,
            291,
            10
        ],
        [
            13,
            276,
            282,
            10
        ],
        [
            14,
            282,
            276,
            30
        ],
        [
            15,
            291,
            271,
            30
        ],
        [
            16,
            300,
            270,
            10
        ],
        [
            17,
            309,
            271,
            10
        ],
        [
            18,
            318,
            276,
            30
        ],
        [
            19,
            324,
            282,
            30
        ],
        [
            20,
            329,
            291,
            10
        ],
        [
            21,
            360,
            300,
            10
        ],
        [
            22,
            357,
            319,
            30
        ],
        [
            23,
            349,
            335,
            30
        ],
        [
            24,
            335,
            349,
            10
        ],
        [
            25,
            319,
            357,
            10
        ],
        [
            26,
            300,
            360,
            30
        ],
        [
            27,
            281,
            357,
            30
        ],
        [
            28,
            265,
            349,
            10
        ],
        [
            29,
            251,
            335,
            10
        ],
        [
            30,
            243,
            319,
            30
        ],
        [
            31,
            240,
            300,
            30
        ],
        [
            32,
            243,
            281,
            10
        ],
        [
            33,
            251,
            265,
            10
        ],
        [
            34,
            265,
            251,
            30
        ],
        [
            35,
            281,
            243,
            30
        ],
        [
            36,
            300,
            240,
            10
        ],
        [
            37,
            319,
            243,
            10
        ],
        [
            38,
            335,
            251,
            30
        ],
        [
            39,
            349,
            265,
            30
        ],
        [
            40,
            357,
            281,
            10
        ],
        [
            41,
            390,
            300,
            10
        ],
        [
            42,
            386,
            328,
            30
        ],
        [
            43,
            373,
            353,
            30
        ],
        [
            44,
            353,
            373,
            10
        ],
        [
            45,
            328,
            386,
            10
        ],
        [
            46,
            300,
            390,
            30
        ],
        [
            47,
            272,
            386,
            30
        ],
        [
            48,
            247,
            373,
            10
        ],
        [
            49,
            227,
            353,
            10
        ],
        [
            50,
            214,
            328,
            30
        ],
        [
            51,
            210,
            300,
            30
        ],
        [
            52,
            214,
            272,
            10
        ],
        [
            53,
            227,
            247,
            10
        ],
        [
            54,
            247,
            227,
            30
        ],
        [
            55,
            272,
            214,
            30
        ],
        [
            56,
            300,
            210,
            10
        ],
        [
            57,
            328,
            214,
            10
        ],
        [
            58,
            353,
            227,
            30
        ],
        [
            59,
            373,
            247,
            30
        ],
        [
            60,
            386,
            272,
            10
        ],
        [
            61,
            420,
            300,
            10
        ],
        [
            62,
            414,
            337,
            30
        ],
        [
            63,
            397,
            371,
            30
        ],
        [
            64,
            371,
            397,
            10
        ],
        [
            65,
            337,
            414,
            10
        ],
        [
            66,
            300,
            420,
            30
        ],
        [
            67,
            263,
            414,
            30
        ],
        [
            68,
            229,
            397,
            10
        ],
        [
            69,
            203,
            371,
            10
        ],
        [
            70,
            186,
            337,
            30
        ],
        [
            71,
            180,
            300,
            30
        ],
        [
            72,
            186,
            263,
            10
        ],
        [
            73,
            203,
            229,
            10
        ],
        [
            74,
            229,
            203,
            30
        ],
        [
            75,
            263,
            186,
            30
        ],
        [
            76,
            300,
            180,
            10
        ],
        [
            77,
            337,
            186,
            10
        ],
        [
            78,
            371,
            203,
            30
        ],
        [
            79,
            397,
            229,
            30
        ],
        [
            80,
            414,
            263,
            10
        ],
        [
            81,
            450,
            300,
            10
        ],
        [
            82,
            443,
            346,
            30
        ],
        [
            83,
            421,
            388,
            30
        ],
        [
            84,
            388,
            421,
            10
        ],
        [
            85,
            346,
            443,
            10
        ],
        [
            86,
            300,
            450,
            30
        ],
        [
            87,
            254,
            443,
            30
        ],
        [
            88,
            212,
            421,
            10
        ],
        [
            89,
            179,
            388,
            10
        ],
        [
            90,
            157,
            346,
            30
        ],
        [
            91,
            150,
            300,
            30
        ],
        [
            92,
            157,
            254,
            10
        ],
        [
            93,
            179,
            212,
            10
        ],
        [
            94,
            212,
            179,
            30
        ],
        [
            95,
            254,
            157,
            30
        ],
        [
            96,
            300,
            150,
            10
        ],
        [
            97,
            346,
            157,
            10
        ],
        [
            98,
            388,
            179,
            30
        ],
        [
            99,
            421,
            212,
            30
        ],
        [
            100,
            443,
            254,
            10
        ],
        [
            101,
            480,
            300,
            10
        ],
        [
            102,
            471,
            356,
            30
        ],
        [
            103,
            446,
            406,
            30
        ],
        [
            104,
            406,
            446,
            10
        ],
        [
            105,
            356,
            471,
            10
        ],
        [
            106,
            300,
            480,
            30
        ],
        [
            107,
            244,
            471,
            30
        ],
        [
            108,
            194,
            446,
            10
        ],
        [
            109,
            154,
            406,
            10
        ],
        [
            110,
            129,
            356,
            30
        ],
        [
            111,
            120,
            300,
            30
        ],
        [
            112,
            129,
            244,
            10
        ],
        [
            113,
            154,
            194,
            10
        ],
        [
            114,
            194,
            154,
            30
        ],
        [
            115,
            244,
            129,
            30
        ],
        [
            116,
            300,
            120,
            10
        ],
        [
            117,
            356,
            129,
            10
        ],
        [
            118,
            406,
            154,
            30
        ],
        [
            119,
            446,
            194,
            30
        ],
        [
            120,
            471,
            244,
            10
        ],
        [
            121,
            510,
            300,
            10
        ],
        [
            122,
            500,
            365,
            30
        ],
        [
            123,
            470,
            423,
            30
        ],
        [
            124,
            423,
            470,
            10
        ],
        [
            125,
            365,
            500,
            10
        ],
        [
            126,
            300,
            510,
            30
        ],
        [
            127,
            235,
            500,
            30
        ],
        [
            128,
            177,
            470,
            10
        ],
        [
            129,
            130,
            423,
            10
        ],
        [
            130,
            100,
            365,
            30
        ],
        [
            131,
            90,
            300,
            30
        ],
        [
            132,
            100,
            235,
            10
        ],
        [
            133,
            130,
            177,
            10
        ],
        [
            134,
            177,
            130,
            30
        ],
        [
            135,
            235,
            100,
            30
        ],
        [
            136,
            300,
            90,
            10
        ],
        [
            137,
            365,
            100,
            10
        ],
        [
            138,
            423,
            130,
            30
        ],
        [
            139,
            470,
            177,
            30
        ],
        [
            140,
            500,
            235,
            10
        ],
        [
            141,
            540,
            300,
            10
        ],
        [
            142,
            528,
            374,
            30
        ],
        [
            143,
            494,
            441,
            30
        ],
        [
            144,
            441,
            494,
            10
        ],
        [
            145,
            374,
            528,
            10
        ],
        [
            146,
            300,
            540,
            30
        ],
        [
            147,
            226,
            528,
            30
        ],
        [
            148,
            159,
            494,
            10
        ],
        [
            149,
            106,
            441,
            10
        ],
        [
            150,
            72,
            374,
            30
        ],
        [
            151,
            60,
            300,
            30
        ],
        [
            152,
            72,
            226,
            10
        ],
        [
            153,
            106,
            159,
            10
        ],
        [
            154,
            159,
            106,
            30
        ],
        [
            155,
            226,
            72,
            30
        ],
        [
            156,
            300,
            60,
            10
        ],
        [
            157,
            374,
            72,
            10
        ],
        [
            158,
            441,
            106,
            30
        ],
        [
            159,
            494,
            159,
            30
        ],
        [
            160,
            528,
            226,
            10
        ],
        [
            161,
            570,
            300,
            10
        ],
        [
            162,
            557,
            383,
            30
        ],
        [
            163,
            518,
            459,
            30
        ],
        [
            164,
            459,
            518,
            10
        ],
        [
            165,
            383,
            557,
            10
        ],
        [
            166,
            300,
            570,
            30
        ],
        [
            167,
            217,
            557,
            30
        ],
        [
            168,
            141,
            518,
            10
        ],
        [
            169,
            82,
            459,
            10
        ],
        [
            170,
            43,
            383,
            30
        ],
        [
            171,
            30,
            300,
            30
        ],
        [
            172,
            43,
            217,
            10
        ],
        [
            173,
            82,
            141,
            10
        ],
        [
            174,
            141,
            82,
            30
        ],
        [
            175,
            217,
            43,
            30
        ],
        [
            176,
            300,
            30,
            10
        ],
        [
            177,
            383,
            43,
            10
        ],
        [
            178,
            459,
            82,
            30
        ],
        [
            179,
            518,
            141,
            30
        ],
        [
            180,
            557,
            217,
            10
        ],
        [
            181,
            600,
            300,
            10
        ],
        [
            182,
            585,
            393,
            30
        ],
        [
            183,
            543,
            476,
            30
        ],
        [
            184,
            476,
            543,
            10
        ],
        [
            185,
            393,
            585,
            10
        ],
        [
            186,
            300,
            600,
            30
        ],
        [
            187,
            207,
            585,
            30
        ],
        [
            188,
            124,
            543,
            10
        ],
        [
            189,
            57,
            476,
            10
        ],
        [
            190,
            15,
            393,
            30
        ],
        [
            191,
            0,
            300,
            30
        ],
        [
            192,
            15,
            207,
            10
        ],
        [
            193,
            57,
            124,
            10
        ],
        [
            194,
            124,
            57,
            30
        ],
        [
            195,
            207,
            15,
            30
        ],
        [
            196,
            300,
            0,
            10
        ],
        [
            197,
            393,
            15,
            10
        ],
        [
            198,
            476,
            57,
            30
        ],
        [
            199,
            543,
            124,
            30
        ],
        [
            200,
            585,
            207,
            10
        ]
    ],
    "Actual": [
        [
            0,
            0.0,
            0.0,
            0.0
        ],
        [
            1,
            30.0,
            0.0,
            10.0
        ],
        [
            2,
            28.5317,
            9.2705,
            30.0
        ],
        [
            3,
            24.2705,
            17.6336,
            30.0
        ],
        [
            4,
            17.6336,
            24.2705,
            10.0
        ],
        [
            5,
            9.2705,
            28.5317,
            10.0
        ],
        [
            6,
            0.0,
            30.0,
            30.0
        ],
        [
            7,
            -9.2705,
            28.5317,
            30.0
        ],
        [
            8,
            -17.6336,
            24.2705,
            10.0
        ],
        [
            9,
            -24.2705,
            17.6336,
            10.0
        ],
        [
            10,
            -28.5317,
            9.2705,
            30.0
        ],
        [
            11,
            -30.0,
            0.0,
            30.0
        ],
        [
            12,
            -28.5317,
            -9.2705,
            10.0
        ],
        [
            13,
            -24.2705,
            -17.6336,
            10.0
        ],
        [
            14,
            -17.6336,
            -24.2705,
            30.0
        ],
        [
            15,
            -9.2705,
            -28.5317,
            30.0
        ],
        [
            16,
            0.0,
            -30.0,
            10.0
        ],
        [
            17,
            9.2705,
            -28.5317,
            10.0
        ],
        [
            18,
            17.6336,
            -24.2705,
            30.0
        ],
        [
            19,
            24.2705,
            -17.6336,
            30.0
        ],
        [
            20,
            28.5317,
            -9.2705,
            10.0
        ],
        [
            21,
            60.0,
            0.0,
            10.0
        ],
        [
            22,
            57.0634,
            18.541,
            30.0
        ],
        [
            23,
            48.541,
            35.2671,
            30.0
        ],
        [
            24,
            35.2671,
            48.541,
            10.0
        ],
        [
            25,
            18.541,
            57.0634,
            10.0
        ],
        [
            26,
            0.0,
            60.0,
            30.0
        ],
        [
            27,
            -18.541,
            57.0634,
            30.0
        ],
        [
            28,
            -35.2671,
            48.541,
            10.0
        ],
        [
            29,
            -48.541,
            35.2671,
            10.0
        ],
        [
            30,
            -57.0634,
            18.541,
            30.0
        ],
        [
            31,
            -60.0,
            0.0,
            30.0
        ],
        [
            32,
            -57.0634,
            -18.541,
            10.0
        ],
        [
            33,
            -48.541,
            -35.2671,
            10.0
        ],
        [
            34,
            -35.2671,
            -48.541,
            30.0
        ],
        [
            35,
            -18.541,
            -57.0634,
            30.0
        ],
        [
            36,
            0.0,
            -60.0,
            10.0
        ],
        [
            37,
            18.541,
            -57.0634,
            10.0
        ],
        [
            38,
            35.2671,
            -48.541,
            30.0
        ],
        [
            39,
            48.541,
            -35.2671,
            30.0
        ],
        [
            40,
            57.0634,
            -18.541,
            10.0
        ],
        [
            41,
            90.0,
            0.0,
            10.0
        ],
        [
            42,
            85.5951,
            27.8115,
            30.0
        ],
        [
            43,
            72.8115,
            52.9007,
            30.0
        ],
        [
            44,
            52.9007,
            72.8115,
            10.0
        ],
        [
            45,
            27.8115,
            85.5951,
            10.0
        ],
        [
            46,
            0.0,
            90.0,
            30.0
        ],
        [
            47,
            -27.8115,
            85.5951,
            30.0
        ],
        [
            48,
            -52.9007,
            72.8115,
            10.0
        ],
        [
            49,
            -72.8115,
            52.9007,
            10.0
        ],
        [
            50,
            -85.5951,
            27.8115,
            30.0
        ],
        [
            51,
            -90.0,
            0.0,
            30.0
        ],
        [
            52,
            -85.5951,
            -27.8115,
            10.0
        ],
        [
            53,
            -72.8115,
            -52.9007,
            10.0
        ],
        [
            54,
            -52.9007,
            -72.8115,
            30.0
        ],
        [
            55,
            -27.8115,
            -85.5951,
            30.0
        ],
        [
            56,
            0.0,
            -90.0,
            10.0
        ],
        [
            57,
            27.8115,
            -85.5951,
            10.0
        ],
        [
            58,
            52.9007,
            -72.8115,
            30.0
        ],
        [
            59,
            72.8115,
            -52.9007,
            30.0
        ],
        [
            60,
            85.5951,
            -27.8115,
            10.0
        ],
        [
            61,
            120.0,
            0.0,
            10.0
        ],
        [
            62,
            114.1268,
            37.082,
            30.0
        ],
        [
            63,
            97.082,
            70.5342,
            30.0
        ],
        [
            64,
            70.5342,
            97.082,
            10.0
        ],
        [
            65,
            37.082,
            114.1268,
            10.0
        ],
        [
            66,
            0.0,
            120.0,
            30.0
        ],
        [
            67,
            -37.082,
            114.1268,
            30.0
        ],
        [
            68,
            -70.5342,
            97.082,
            10.0
        ],
        [
            69,
            -97.082,
            70.5342,
            10.0
        ],
        [
            70,
            -114.1268,
            37.082,
            30.0
        ],
        [
            71,
            -120.0,
            0.0,
            30.0
        ],
        [
            72,
            -114.1268,
            -37.0821,
            10.0
        ],
        [
            73,
            -97.082,
            -70.5342,
            10.0
        ],
        [
            74,
            -70.5342,
            -97.082,
            30.0
        ],
        [
            75,
            -37.082,
            -114.1268,
            30.0
        ],
        [
            76,
            0.0,
            -120.0,
            10.0
        ],
        [
            77,
            37.0821,
            -114.1268,
            10.0
        ],
        [
            78,
            70.5342,
            -97.082,
            30.0
        ],
        [
            79,
            97.0821,
            -70.5342,
            30.0
        ],
        [
            80,
            114.1268,
            -37.082,
            10.0
        ],
        [
            81,
            150.0,
            0.0,
            10.0
        ],
        [
            82,
            142.65849,
            46.3526,
            30.0
        ],
        [
            83,
            121.3525,
            88.1678,
            30.0
        ],
        [
            84,
            88.1678,
            121.3526,
            10.0
        ],
        [
            85,
            46.3525,
            142.65849,
            10.0
        ],
        [
            86,
            0.0,
            150.0,
            30.0
        ],
        [
            87,
            -46.3526,
            142.65849,
            30.0
        ],
        [
            88,
            -88.1678,
            121.3525,
            10.0
        ],
        [
            89,
            -121.3526,
            88.1678,
            10.0
        ],
        [
            90,
            -142.65849,
            46.3525,
            30.0
        ],
        [
            91,
            -150.0,
            0.0,
            30.0
        ],
        [
            92,
            -142.65849,
            -46.3526,
            10.0
        ],
        [
            93,
            -121.3525,
            -88.1678,
            10.0
        ],
        [
            94,
            -88.1678,
            -121.3526,
            30.0
        ],
        [
            95,
            -46.3525,
            -142.65849,
            30.0
        ],
        [
            96,
            0.0,
            -150.0,
            10.0
        ],
        [
            97,
            46.3526,
            -142.65849,
            10.0
        ],
        [
            98,
            88.1678,
            -121.3525,
            30.0
        ],
        [
            99,
            121.3526,
            -88.1678,
            30.0
        ],
        [
            100,
            142.65849,
            -46.3525,
            10.0
        ],
        [
            101,
            180.0,
            0.0,
            10.0
        ],
        [
            102,
            171.1902,
            55.6231,
            30.0
        ],
        [
            103,
            145.62309,
            105.8013,
            30.0
        ],
        [
            104,
            105.8013,
            145.62309,
            10.0
        ],
        [
            105,
            55.6231,
            171.1902,
            10.0
        ],
        [
            106,
            0.0,
            180.0,
            30.0
        ],
        [
            107,
            -55.6231,
            171.1902,
            30.0
        ],
        [
            108,
            -105.8014,
            145.623,
            10.0
        ],
        [
            109,
            -145.62309,
            105.8013,
            10.0
        ],
        [
            110,
            -171.1902,
            55.623,
            30.0
        ],
        [
            111,
            -180.0,
            0.0,
            30.0
        ],
        [
            112,
            -171.1902,
            -55.6231,
            10.0
        ],
        [
            113,
            -145.623,
            -105.8014,
            10.0
        ],
        [
            114,
            -105.8013,
            -145.62309,
            30.0
        ],
        [
            115,
            -55.623,
            -171.1902,
            30.0
        ],
        [
            116,
            0.0,
            -180.0,
            10.0
        ],
        [
            117,
            55.6231,
            -171.1902,
            10.0
        ],
        [
            118,
            105.8014,
            -145.623,
            30.0
        ],
        [
            119,
            145.62309,
            -105.8013,
            30.0
        ],
        [
            120,
            171.1902,
            -55.623,
            10.0
        ],
        [
            121,
            210.0,
            0.0,
            10.0
        ],
        [
            122,
            199.72189,
            64.8936,
            30.0
        ],
        [
            123,
            169.8936,
            123.4349,
            30.0
        ],
        [
            124,
            123.4349,
            169.8936,
            10.0
        ],
        [
            125,
            64.8936,
            199.72189,
            10.0
        ],
        [
            126,
            0.0,
            210.0,
            30.0
        ],
        [
            127,
            -64.8936,
            199.72189,
            30.0
        ],
        [
            128,
            -123.4349,
            169.8936,
            10.0
        ],
        [
            129,
            -169.8936,
            123.4349,
            10.0
        ],
        [
            130,
            -199.72189,
            64.8936,
            30.0
        ],
        [
            131,
            -210.0,
            0.0,
            30.0
        ],
        [
            132,
            -199.72189,
            -64.8936,
            10.0
        ],
        [
            133,
            -169.8936,
            -123.4349,
            10.0
        ],
        [
            134,
            -123.4349,
            -169.8936,
            30.0
        ],
        [
            135,
            -64.8935,
            -199.72189,
            30.0
        ],
        [
            136,
            0.0,
            -210.0,
            10.0
        ],
        [
            137,
            64.8936,
            -199.72189,
            10.0
        ],
        [
            138,
            123.4349,
            -169.8936,
            30.0
        ],
        [
            139,
            169.8936,
            -123.4349,
            30.0
        ],
        [
            140,
            199.72189,
            -64.8935,
            10.0
        ],
        [
            141,
            240.0,
            0.0,
            10.0
        ],
        [
            142,
            228.2536,
            74.1641,
            30.0
        ],
        [
            143,
            194.16409,
            141.0685,
            30.0
        ],
        [
            144,
            141.0685,
            194.16409,
            10.0
        ],
        [
            145,
            74.1641,
            228.2536,
            10.0
        ],
        [
            146,
            0.0,
            240.0,
            30.0
        ],
        [
            147,
            -74.1641,
            228.2536,
            30.0
        ],
        [
            148,
            -141.0685,
            194.16409,
            10.0
        ],
        [
            149,
            -194.16409,
            141.0685,
            10.0
        ],
        [
            150,
            -228.2536,
            74.1641,
            30.0
        ],
        [
            151,
            -240.0,
            0.0,
            30.0
        ],
        [
            152,
            -228.2536,
            -74.1641,
            10.0
        ],
        [
            153,
            -194.16409,
            -141.0685,
            10.0
        ],
        [
            154,
            -141.06841,
            -194.16409,
            30.0
        ],
        [
            155,
            -74.164,
            -228.2536,
            30.0
        ],
        [
            156,
            0.0,
            -240.0,
            10.0
        ],
        [
            157,
            74.1641,
            -228.2536,
            10.0
        ],
        [
            158,
            141.0685,
            -194.16409,
            30.0
        ],
        [
            159,
            194.16409,
            -141.06841,
            30.0
        ],
        [
            160,
            228.2536,
            -74.164,
            10.0
        ],
        [
            161,
            270.0,
            0.0,
            10.0
        ],
        [
            162,
            256.78519,
            83.4346,
            30.0
        ],
        [
            163,
            218.4346,
            158.702,
            30.0
        ],
        [
            164,
            158.702,
            218.4346,
            10.0
        ],
        [
            165,
            83.4346,
            256.78519,
            10.0
        ],
        [
            166,
            0.0,
            270.0,
            30.0
        ],
        [
            167,
            -83.4346,
            256.78519,
            30.0
        ],
        [
            168,
            -158.702,
            218.4346,
            10.0
        ],
        [
            169,
            -218.4346,
            158.702,
            10.0
        ],
        [
            170,
            -256.78531,
            83.4346,
            30.0
        ],
        [
            171,
            -270.0,
            0.0,
            30.0
        ],
        [
            172,
            -256.78519,
            -83.4346,
            10.0
        ],
        [
            173,
            -218.4346,
            -158.702,
            10.0
        ],
        [
            174,
            -158.702,
            -218.4346,
            30.0
        ],
        [
            175,
            -83.4346,
            -256.78531,
            30.0
        ],
        [
            176,
            0.0,
            -270.0,
            10.0
        ],
        [
            177,
            83.4346,
            -256.78519,
            10.0
        ],
        [
            178,
            158.7021,
            -218.4346,
            30.0
        ],
        [
            179,
            218.4346,
            -158.702,
            30.0
        ],
        [
            180,
            256.78531,
            -83.4345,
            10.0
        ],
        [
            181,
            300.0,
            0.0,
            10.0
        ],
        [
            182,
            285.31699,
            92.7051,
            30.0
        ],
        [
            183,
            242.70509,
            176.3356,
            30.0
        ],
        [
            184,
            176.3356,
            242.70509,
            10.0
        ],
        [
            185,
            92.7051,
            285.31699,
            10.0
        ],
        [
            186,
            0.0,
            300.0,
            30.0
        ],
        [
            187,
            -92.7051,
            285.31699,
            30.0
        ],
        [
            188,
            -176.3356,
            242.70509,
            10.0
        ],
        [
            189,
            -242.70509,
            176.3356,
            10.0
        ],
        [
            190,
            -285.31699,
            92.7051,
            30.0
        ],
        [
            191,
            -300.0,
            0.0,
            30.0
        ],
        [
            192,
            -285.31699,
            -92.7051,
            10.0
        ],
        [
            193,
            -242.70509,
            -176.3356,
            10.0
        ],
        [
            194,
            -176.33549,
            -242.70509,
            30.0
        ],
        [
            195,
            -92.7051,
            -285.31699,
            30.0
        ],
        [
            196,
            0.0,
            -300.0,
            10.0
        ],
        [
            197,
            92.7051,
            -285.31699,
            10.0
        ],
        [
            198,
            176.3356,
            -242.70509,
            30.0
        ],
        [
            199,
            242.70509,
            -176.33549,
            30.0
        ],
        [
            200,
            285.31699,
            -92.705,
            10.0
        ]
    ]
}